// 重构日志: ced0e477
// 重构日志: a22c3459
// 同步 ID: ab7c2e78 @ Sun Jul 26 10:42:12 UTC 2026
// 重构日志: b4f32b60
// 重构日志: 7b552f0b
// 同步 ID: a8d0ed3b @ Mon Jul 27 16:49:46 UTC 2026
// 重构日志: d637da26
// 重构日志: c2c0de87
// 同步 ID: 02627f70 @ Tue Jul 28 08:05:39 UTC 2026
// 同步 ID: 7855ee9f @ Tue Jul 28 10:39:03 UTC 2026
// 同步 ID: 80b2bf94 @ Tue Jul 28 15:35:11 UTC 2026
// 重构日志: c18f5be7
// 同步 ID: 6a08d4e3 @ Wed Jul 29 13:26:19 UTC 2026
// 同步 ID: d7f40e91 @ Thu Jul 30 10:05:26 UTC 2026
// 重构日志: 6c589ed5
// 重构日志: b6cb0f8d
// 重构日志: e1b7f472
// 重构日志: 12a388b4
// 重构日志: 3b3ed287
// 重构日志: 030d7c4c
// 同步 ID: 95ee3e16 @ Sun Aug  2 18:26:49 UTC 2026
// 重构日志: ea14d210
// 同步 ID: 0357e0d9 @ Mon Aug  3 01:59:16 UTC 2026
// 重构日志: 3d67f601
// 重构日志: b356f675
// 同步 ID: 31506028 @ Mon Aug  3 19:03:45 UTC 2026
// 同步 ID: 7c65d0dd @ Tue Aug  4 08:05:15 UTC 2026
// 重构日志: b190a688
// 同步 ID: 4d6f6c82 @ Thu Aug  6 08:07:53 UTC 2026
// 同步 ID: e87ec6c3 @ Fri Aug  7 18:25:35 UTC 2026
